Archive member included because of file (symbol)

c:/program files (x86)/gnu tools arm embedded/4.9 2014q4/bin/../lib/gcc/arm-none-eabi/4.9.3/armv6-m\libgcc.a(_udivsi3.o)
                              ..\obj\stm32f0xx_rcc.o (__aeabi_uidiv)
c:/program files (x86)/gnu tools arm embedded/4.9 2014q4/bin/../lib/gcc/arm-none-eabi/4.9.3/armv6-m\libgcc.a(_dvmd_tls.o)
                              c:/program files (x86)/gnu tools arm embedded/4.9 2014q4/bin/../lib/gcc/arm-none-eabi/4.9.3/armv6-m\libgcc.a(_udivsi3.o) (__aeabi_idiv0)
c:/program files (x86)/gnu tools arm embedded/4.9 2014q4/bin/../lib/gcc/arm-none-eabi/4.9.3/armv6-m\libgcc.a(_fixunsdfsi.o)
                              ..\obj\main.o (__aeabi_d2uiz)
c:/program files (x86)/gnu tools arm embedded/4.9 2014q4/bin/../lib/gcc/arm-none-eabi/4.9.3/armv6-m\libgcc.a(divdf3.o)
                              ..\obj\main.o (__aeabi_ddiv)
c:/program files (x86)/gnu tools arm embedded/4.9 2014q4/bin/../lib/gcc/arm-none-eabi/4.9.3/armv6-m\libgcc.a(subdf3.o)
                              c:/program files (x86)/gnu tools arm embedded/4.9 2014q4/bin/../lib/gcc/arm-none-eabi/4.9.3/armv6-m\libgcc.a(_fixunsdfsi.o) (__aeabi_dsub)
c:/program files (x86)/gnu tools arm embedded/4.9 2014q4/bin/../lib/gcc/arm-none-eabi/4.9.3/armv6-m\libgcc.a(fixdfsi.o)
                              c:/program files (x86)/gnu tools arm embedded/4.9 2014q4/bin/../lib/gcc/arm-none-eabi/4.9.3/armv6-m\libgcc.a(_fixunsdfsi.o) (__aeabi_d2iz)
c:/program files (x86)/gnu tools arm embedded/4.9 2014q4/bin/../lib/gcc/arm-none-eabi/4.9.3/armv6-m\libgcc.a(floatunsidf.o)
                              ..\obj\main.o (__aeabi_ui2d)
c:/program files (x86)/gnu tools arm embedded/4.9 2014q4/bin/../lib/gcc/arm-none-eabi/4.9.3/armv6-m\libgcc.a(_arm_cmpdf2.o)
                              c:/program files (x86)/gnu tools arm embedded/4.9 2014q4/bin/../lib/gcc/arm-none-eabi/4.9.3/armv6-m\libgcc.a(_fixunsdfsi.o) (__aeabi_dcmpge)
c:/program files (x86)/gnu tools arm embedded/4.9 2014q4/bin/../lib/gcc/arm-none-eabi/4.9.3/armv6-m\libgcc.a(_clzsi2.o)
                              c:/program files (x86)/gnu tools arm embedded/4.9 2014q4/bin/../lib/gcc/arm-none-eabi/4.9.3/armv6-m\libgcc.a(divdf3.o) (__clzsi2)
c:/program files (x86)/gnu tools arm embedded/4.9 2014q4/bin/../lib/gcc/arm-none-eabi/4.9.3/armv6-m\libgcc.a(eqdf2.o)
                              c:/program files (x86)/gnu tools arm embedded/4.9 2014q4/bin/../lib/gcc/arm-none-eabi/4.9.3/armv6-m\libgcc.a(_arm_cmpdf2.o) (__eqdf2)
c:/program files (x86)/gnu tools arm embedded/4.9 2014q4/bin/../lib/gcc/arm-none-eabi/4.9.3/armv6-m\libgcc.a(gedf2.o)
                              c:/program files (x86)/gnu tools arm embedded/4.9 2014q4/bin/../lib/gcc/arm-none-eabi/4.9.3/armv6-m\libgcc.a(_arm_cmpdf2.o) (__gedf2)
c:/program files (x86)/gnu tools arm embedded/4.9 2014q4/bin/../lib/gcc/arm-none-eabi/4.9.3/armv6-m\libgcc.a(ledf2.o)
                              c:/program files (x86)/gnu tools arm embedded/4.9 2014q4/bin/../lib/gcc/arm-none-eabi/4.9.3/armv6-m\libgcc.a(_arm_cmpdf2.o) (__ledf2)

Allocating common symbols
Common symbol       size              file

G                   0x8               ..\obj\main.o

Discarded input sections

 .text          0x00000000        0x0 ..\obj\stm32f0xx_rcc.o
 .data          0x00000000       0x10 ..\obj\stm32f0xx_rcc.o
 .bss           0x00000000        0x0 ..\obj\stm32f0xx_rcc.o
 .text.RCC_DeInit
                0x00000000       0x88 ..\obj\stm32f0xx_rcc.o
 .text.RCC_HSEConfig
                0x00000000       0x24 ..\obj\stm32f0xx_rcc.o
 .text.RCC_WaitForHSEStartUp
                0x00000000       0x60 ..\obj\stm32f0xx_rcc.o
 .text.RCC_AdjustHSICalibrationValue
                0x00000000       0x3c ..\obj\stm32f0xx_rcc.o
 .text.RCC_HSICmd
                0x00000000       0x38 ..\obj\stm32f0xx_rcc.o
 .text.RCC_AdjustHSI14CalibrationValue
                0x00000000       0x3c ..\obj\stm32f0xx_rcc.o
 .text.RCC_HSI14Cmd
                0x00000000       0x38 ..\obj\stm32f0xx_rcc.o
 .text.RCC_HSI14ADCRequestCmd
                0x00000000       0x38 ..\obj\stm32f0xx_rcc.o
 .text.RCC_LSEConfig
                0x00000000       0x38 ..\obj\stm32f0xx_rcc.o
 .text.RCC_LSEDriveConfig
                0x00000000       0x2c ..\obj\stm32f0xx_rcc.o
 .text.RCC_LSICmd
                0x00000000       0x38 ..\obj\stm32f0xx_rcc.o
 .text.RCC_PLLConfig
                0x00000000       0x34 ..\obj\stm32f0xx_rcc.o
 .text.RCC_PLLCmd
                0x00000000       0x40 ..\obj\stm32f0xx_rcc.o
 .text.RCC_PREDIV1Config
                0x00000000       0x34 ..\obj\stm32f0xx_rcc.o
 .text.RCC_ClockSecuritySystemCmd
                0x00000000       0x40 ..\obj\stm32f0xx_rcc.o
 .text.RCC_MCOConfig
                0x00000000       0x20 ..\obj\stm32f0xx_rcc.o
 .text.RCC_SYSCLKConfig
                0x00000000       0x34 ..\obj\stm32f0xx_rcc.o
 .text.RCC_GetSYSCLKSource
                0x00000000       0x1c ..\obj\stm32f0xx_rcc.o
 .text.RCC_HCLKConfig
                0x00000000       0x34 ..\obj\stm32f0xx_rcc.o
 .text.RCC_PCLKConfig
                0x00000000       0x38 ..\obj\stm32f0xx_rcc.o
 .text.RCC_ADCCLKConfig
                0x00000000       0x50 ..\obj\stm32f0xx_rcc.o
 .text.RCC_CECCLKConfig
                0x00000000       0x2c ..\obj\stm32f0xx_rcc.o
 .text.RCC_I2CCLKConfig
                0x00000000       0x2c ..\obj\stm32f0xx_rcc.o
 .text.RCC_USARTCLKConfig
                0x00000000       0x2c ..\obj\stm32f0xx_rcc.o
 .text.RCC_GetClocksFreq
                0x00000000      0x1cc ..\obj\stm32f0xx_rcc.o
 .text.RCC_RTCCLKConfig
                0x00000000       0x20 ..\obj\stm32f0xx_rcc.o
 .text.RCC_RTCCLKCmd
                0x00000000       0x40 ..\obj\stm32f0xx_rcc.o
 .text.RCC_BackupResetCmd
                0x00000000       0x40 ..\obj\stm32f0xx_rcc.o
 .text.RCC_APB2PeriphClockCmd
                0x00000000       0x3c ..\obj\stm32f0xx_rcc.o
 .text.RCC_APB1PeriphClockCmd
                0x00000000       0x3c ..\obj\stm32f0xx_rcc.o
 .text.RCC_AHBPeriphResetCmd
                0x00000000       0x3c ..\obj\stm32f0xx_rcc.o
 .text.RCC_APB2PeriphResetCmd
                0x00000000       0x3c ..\obj\stm32f0xx_rcc.o
 .text.RCC_APB1PeriphResetCmd
                0x00000000       0x3c ..\obj\stm32f0xx_rcc.o
 .text.RCC_ITConfig
                0x00000000       0x50 ..\obj\stm32f0xx_rcc.o
 .text.RCC_GetFlagStatus
                0x00000000       0x94 ..\obj\stm32f0xx_rcc.o
 .text.RCC_ClearFlag
                0x00000000       0x1c ..\obj\stm32f0xx_rcc.o
 .text.RCC_GetITStatus
                0x00000000       0x44 ..\obj\stm32f0xx_rcc.o
 .text.RCC_ClearITPendingBit
                0x00000000       0x20 ..\obj\stm32f0xx_rcc.o
 .text          0x00000000        0x0 ..\obj\main.o
 .data          0x00000000        0x0 ..\obj\main.o
 .text          0x00000000       0x14 ..\obj\startup_stm32f0xx.o
 .data          0x00000000        0x0 ..\obj\startup_stm32f0xx.o
 .bss           0x00000000        0x0 ..\obj\startup_stm32f0xx.o
 .text          0x00000000        0x0 ..\obj\system_stm32f0xx_temp.o
 .bss           0x00000000        0x0 ..\obj\system_stm32f0xx_temp.o
 .text          0x00000000        0x0 ..\obj\stm32f0xx_gpio.o
 .data          0x00000000        0x0 ..\obj\stm32f0xx_gpio.o
 .bss           0x00000000        0x0 ..\obj\stm32f0xx_gpio.o
 .text.GPIO_DeInit
                0x00000000       0xc8 ..\obj\stm32f0xx_gpio.o
 .text.GPIO_StructInit
                0x00000000       0x30 ..\obj\stm32f0xx_gpio.o
 .text.GPIO_PinLockConfig
                0x00000000       0x44 ..\obj\stm32f0xx_gpio.o
 .text.GPIO_ReadInputData
                0x00000000       0x18 ..\obj\stm32f0xx_gpio.o
 .text.GPIO_ReadOutputDataBit
                0x00000000       0x48 ..\obj\stm32f0xx_gpio.o
 .text.GPIO_ReadOutputData
                0x00000000       0x18 ..\obj\stm32f0xx_gpio.o
 .text.GPIO_WriteBit
                0x00000000       0x38 ..\obj\stm32f0xx_gpio.o
 .text.GPIO_Write
                0x00000000       0x1c ..\obj\stm32f0xx_gpio.o
 .text.GPIO_PinAFConfig
                0x00000000       0xa0 ..\obj\stm32f0xx_gpio.o
 .text          0x00000000        0x0 ..\obj\stm32f0xx_tim.o
 .data          0x00000000        0x0 ..\obj\stm32f0xx_tim.o
 .bss           0x00000000        0x0 ..\obj\stm32f0xx_tim.o
 .text.TIM_DeInit
                0x00000000      0x124 ..\obj\stm32f0xx_tim.o
 .text.TIM_TimeBaseInit
                0x00000000       0xf0 ..\obj\stm32f0xx_tim.o
 .text.TIM_TimeBaseStructInit
                0x00000000       0x30 ..\obj\stm32f0xx_tim.o
 .text.TIM_PrescalerConfig
                0x00000000       0x30 ..\obj\stm32f0xx_tim.o
 .text.TIM_CounterModeConfig
                0x00000000       0x54 ..\obj\stm32f0xx_tim.o
 .text.TIM_SetCounter
                0x00000000       0x18 ..\obj\stm32f0xx_tim.o
 .text.TIM_SetAutoreload
                0x00000000       0x18 ..\obj\stm32f0xx_tim.o
 .text.TIM_GetCounter
                0x00000000       0x14 ..\obj\stm32f0xx_tim.o
 .text.TIM_GetPrescaler
                0x00000000       0x18 ..\obj\stm32f0xx_tim.o
 .text.TIM_UpdateDisableConfig
                0x00000000       0x40 ..\obj\stm32f0xx_tim.o
 .text.TIM_UpdateRequestConfig
                0x00000000       0x40 ..\obj\stm32f0xx_tim.o
 .text.TIM_ARRPreloadConfig
                0x00000000       0x40 ..\obj\stm32f0xx_tim.o
 .text.TIM_SelectOnePulseMode
                0x00000000       0x38 ..\obj\stm32f0xx_tim.o
 .text.TIM_SetClockDivision
                0x00000000       0x3c ..\obj\stm32f0xx_tim.o
 .text.TIM_Cmd  0x00000000       0x40 ..\obj\stm32f0xx_tim.o
 .text.TIM_BDTRConfig
                0x00000000       0x4c ..\obj\stm32f0xx_tim.o
 .text.TIM_BDTRStructInit
                0x00000000       0x38 ..\obj\stm32f0xx_tim.o
 .text.TIM_CtrlPWMOutputs
                0x00000000       0x4c ..\obj\stm32f0xx_tim.o
 .text.TIM_OC1Init
                0x00000000      0x1a4 ..\obj\stm32f0xx_tim.o
 .text.TIM_OC2Init
                0x00000000      0x1b8 ..\obj\stm32f0xx_tim.o
 .text.TIM_OC3Init
                0x00000000      0x1a8 ..\obj\stm32f0xx_tim.o
 .text.TIM_OC4Init
                0x00000000      0x134 ..\obj\stm32f0xx_tim.o
 .text.TIM_OCStructInit
                0x00000000       0x40 ..\obj\stm32f0xx_tim.o
 .text.TIM_SelectOCxM
                0x00000000       0xcc ..\obj\stm32f0xx_tim.o
 .text.TIM_SetCompare1
                0x00000000       0x18 ..\obj\stm32f0xx_tim.o
 .text.TIM_SetCompare2
                0x00000000       0x18 ..\obj\stm32f0xx_tim.o
 .text.TIM_SetCompare3
                0x00000000       0x18 ..\obj\stm32f0xx_tim.o
 .text.TIM_SetCompare4
                0x00000000       0x18 ..\obj\stm32f0xx_tim.o
 .text.TIM_ForcedOC1Config
                0x00000000       0x54 ..\obj\stm32f0xx_tim.o
 .text.TIM_ForcedOC2Config
                0x00000000       0x5c ..\obj\stm32f0xx_tim.o
 .text.TIM_ForcedOC3Config
                0x00000000       0x54 ..\obj\stm32f0xx_tim.o
 .text.TIM_ForcedOC4Config
                0x00000000       0x5c ..\obj\stm32f0xx_tim.o
 .text.TIM_CCPreloadControl
                0x00000000       0x40 ..\obj\stm32f0xx_tim.o
 .text.TIM_OC1PreloadConfig
                0x00000000       0x54 ..\obj\stm32f0xx_tim.o
 .text.TIM_OC2PreloadConfig
                0x00000000       0x5c ..\obj\stm32f0xx_tim.o
 .text.TIM_OC3PreloadConfig
                0x00000000       0x54 ..\obj\stm32f0xx_tim.o
 .text.TIM_OC4PreloadConfig
                0x00000000       0x5c ..\obj\stm32f0xx_tim.o
 .text.TIM_OC1FastConfig
                0x00000000       0x54 ..\obj\stm32f0xx_tim.o
 .text.TIM_OC2FastConfig
                0x00000000       0x5c ..\obj\stm32f0xx_tim.o
 .text.TIM_OC3FastConfig
                0x00000000       0x54 ..\obj\stm32f0xx_tim.o
 .text.TIM_OC4FastConfig
                0x00000000       0x5c ..\obj\stm32f0xx_tim.o
 .text.TIM_ClearOC1Ref
                0x00000000       0x54 ..\obj\stm32f0xx_tim.o
 .text.TIM_ClearOC2Ref
                0x00000000       0x58 ..\obj\stm32f0xx_tim.o
 .text.TIM_ClearOC3Ref
                0x00000000       0x54 ..\obj\stm32f0xx_tim.o
 .text.TIM_ClearOC4Ref
                0x00000000       0x58 ..\obj\stm32f0xx_tim.o
 .text.TIM_OC1PolarityConfig
                0x00000000       0x54 ..\obj\stm32f0xx_tim.o
 .text.TIM_OC1NPolarityConfig
                0x00000000       0x54 ..\obj\stm32f0xx_tim.o
 .text.TIM_OC2PolarityConfig
                0x00000000       0x58 ..\obj\stm32f0xx_tim.o
 .text.TIM_OC2NPolarityConfig
                0x00000000       0x58 ..\obj\stm32f0xx_tim.o
 .text.TIM_OC3PolarityConfig
                0x00000000       0x5c ..\obj\stm32f0xx_tim.o
 .text.TIM_OC3NPolarityConfig
                0x00000000       0x5c ..\obj\stm32f0xx_tim.o
 .text.TIM_OC4PolarityConfig
                0x00000000       0x5c ..\obj\stm32f0xx_tim.o
 .text.TIM_SelectOCREFClear
                0x00000000       0x38 ..\obj\stm32f0xx_tim.o
 .text.TIM_CCxCmd
                0x00000000       0x68 ..\obj\stm32f0xx_tim.o
 .text.TIM_CCxNCmd
                0x00000000       0x68 ..\obj\stm32f0xx_tim.o
 .text.TIM_SelectCOM
                0x00000000       0x40 ..\obj\stm32f0xx_tim.o
 .text.TIM_ICInit
                0x00000000       0xb0 ..\obj\stm32f0xx_tim.o
 .text.TIM_ICStructInit
                0x00000000       0x2c ..\obj\stm32f0xx_tim.o
 .text.TIM_PWMIConfig
                0x00000000       0xf8 ..\obj\stm32f0xx_tim.o
 .text.TIM_GetCapture1
                0x00000000       0x14 ..\obj\stm32f0xx_tim.o
 .text.TIM_GetCapture2
                0x00000000       0x14 ..\obj\stm32f0xx_tim.o
 .text.TIM_GetCapture3
                0x00000000       0x14 ..\obj\stm32f0xx_tim.o
 .text.TIM_GetCapture4
                0x00000000       0x14 ..\obj\stm32f0xx_tim.o
 .text.TIM_SetIC1Prescaler
                0x00000000       0x38 ..\obj\stm32f0xx_tim.o
 .text.TIM_SetIC2Prescaler
                0x00000000       0x40 ..\obj\stm32f0xx_tim.o
 .text.TIM_SetIC3Prescaler
                0x00000000       0x38 ..\obj\stm32f0xx_tim.o
 .text.TIM_SetIC4Prescaler
                0x00000000       0x40 ..\obj\stm32f0xx_tim.o
 .text.TIM_ITConfig
                0x00000000       0x50 ..\obj\stm32f0xx_tim.o
 .text.TIM_GenerateEvent
                0x00000000       0x1c ..\obj\stm32f0xx_tim.o
 .text.TIM_GetFlagStatus
                0x00000000       0x48 ..\obj\stm32f0xx_tim.o
 .text.TIM_ClearFlag
                0x00000000       0x20 ..\obj\stm32f0xx_tim.o
 .text.TIM_GetITStatus
                0x00000000       0x80 ..\obj\stm32f0xx_tim.o
 .text.TIM_ClearITPendingBit
                0x00000000       0x20 ..\obj\stm32f0xx_tim.o
 .text.TIM_DMAConfig
                0x00000000       0x30 ..\obj\stm32f0xx_tim.o
 .text.TIM_DMACmd
                0x00000000       0x50 ..\obj\stm32f0xx_tim.o
 .text.TIM_SelectCCDMA
                0x00000000       0x40 ..\obj\stm32f0xx_tim.o
 .text.TIM_InternalClockConfig
                0x00000000       0x20 ..\obj\stm32f0xx_tim.o
 .text.TIM_ITRxExternalClockConfig
                0x00000000       0x34 ..\obj\stm32f0xx_tim.o
 .text.TIM_TIxExternalClockConfig
                0x00000000       0x84 ..\obj\stm32f0xx_tim.o
 .text.TIM_ETRClockMode1Config
                0x00000000       0x9c ..\obj\stm32f0xx_tim.o
 .text.TIM_ETRClockMode2Config
                0x00000000       0x54 ..\obj\stm32f0xx_tim.o
 .text.TIM_SelectInputTrigger
                0x00000000       0x54 ..\obj\stm32f0xx_tim.o
 .text.TIM_SelectOutputTrigger
                0x00000000       0x38 ..\obj\stm32f0xx_tim.o
 .text.TIM_SelectSlaveMode
                0x00000000       0x38 ..\obj\stm32f0xx_tim.o
 .text.TIM_SelectMasterSlaveMode
                0x00000000       0x38 ..\obj\stm32f0xx_tim.o
 .text.TIM_ETRConfig
                0x00000000       0x80 ..\obj\stm32f0xx_tim.o
 .text.TIM_EncoderInterfaceConfig
                0x00000000       0xf8 ..\obj\stm32f0xx_tim.o
 .text.TIM_SelectHallSensor
                0x00000000       0x40 ..\obj\stm32f0xx_tim.o
 .text.TIM_RemapConfig
                0x00000000       0x20 ..\obj\stm32f0xx_tim.o
 .text.TI1_Config
                0x00000000       0xcc ..\obj\stm32f0xx_tim.o
 .text.TI2_Config
                0x00000000       0xf4 ..\obj\stm32f0xx_tim.o
 .text.TI3_Config
                0x00000000       0xec ..\obj\stm32f0xx_tim.o
 .text.TI4_Config
                0x00000000      0x100 ..\obj\stm32f0xx_tim.o
 .debug_info    0x00000000     0x1c67 ..\obj\stm32f0xx_tim.o
 .debug_abbrev  0x00000000      0x1b5 ..\obj\stm32f0xx_tim.o
 .debug_aranges
                0x00000000      0x300 ..\obj\stm32f0xx_tim.o
 .debug_ranges  0x00000000      0x2f0 ..\obj\stm32f0xx_tim.o
 .debug_line    0x00000000      0xa2b ..\obj\stm32f0xx_tim.o
 .debug_str     0x00000000      0xdd6 ..\obj\stm32f0xx_tim.o
 .comment       0x00000000       0x71 ..\obj\stm32f0xx_tim.o
 .debug_frame   0x00000000      0xbb0 ..\obj\stm32f0xx_tim.o
 .ARM.attributes
                0x00000000       0x31 ..\obj\stm32f0xx_tim.o
 .data          0x00000000        0x0 c:/program files (x86)/gnu tools arm embedded/4.9 2014q4/bin/../lib/gcc/arm-none-eabi/4.9.3/armv6-m\libgcc.a(_udivsi3.o)
 .bss           0x00000000        0x0 c:/program files (x86)/gnu tools arm embedded/4.9 2014q4/bin/../lib/gcc/arm-none-eabi/4.9.3/armv6-m\libgcc.a(_udivsi3.o)
 .data          0x00000000        0x0 c:/program files (x86)/gnu tools arm embedded/4.9 2014q4/bin/../lib/gcc/arm-none-eabi/4.9.3/armv6-m\libgcc.a(_dvmd_tls.o)
 .bss           0x00000000        0x0 c:/program files (x86)/gnu tools arm embedded/4.9 2014q4/bin/../lib/gcc/arm-none-eabi/4.9.3/armv6-m\libgcc.a(_dvmd_tls.o)
 .data          0x00000000        0x0 c:/program files (x86)/gnu tools arm embedded/4.9 2014q4/bin/../lib/gcc/arm-none-eabi/4.9.3/armv6-m\libgcc.a(_fixunsdfsi.o)
 .bss           0x00000000        0x0 c:/program files (x86)/gnu tools arm embedded/4.9 2014q4/bin/../lib/gcc/arm-none-eabi/4.9.3/armv6-m\libgcc.a(_fixunsdfsi.o)
 .data          0x00000000        0x0 c:/program files (x86)/gnu tools arm embedded/4.9 2014q4/bin/../lib/gcc/arm-none-eabi/4.9.3/armv6-m\libgcc.a(divdf3.o)
 .bss           0x00000000        0x0 c:/program files (x86)/gnu tools arm embedded/4.9 2014q4/bin/../lib/gcc/arm-none-eabi/4.9.3/armv6-m\libgcc.a(divdf3.o)
 .data          0x00000000        0x0 c:/program files (x86)/gnu tools arm embedded/4.9 2014q4/bin/../lib/gcc/arm-none-eabi/4.9.3/armv6-m\libgcc.a(subdf3.o)
 .bss           0x00000000        0x0 c:/program files (x86)/gnu tools arm embedded/4.9 2014q4/bin/../lib/gcc/arm-none-eabi/4.9.3/armv6-m\libgcc.a(subdf3.o)
 .data          0x00000000        0x0 c:/program files (x86)/gnu tools arm embedded/4.9 2014q4/bin/../lib/gcc/arm-none-eabi/4.9.3/armv6-m\libgcc.a(fixdfsi.o)
 .bss           0x00000000        0x0 c:/program files (x86)/gnu tools arm embedded/4.9 2014q4/bin/../lib/gcc/arm-none-eabi/4.9.3/armv6-m\libgcc.a(fixdfsi.o)
 .data          0x00000000        0x0 c:/program files (x86)/gnu tools arm embedded/4.9 2014q4/bin/../lib/gcc/arm-none-eabi/4.9.3/armv6-m\libgcc.a(floatunsidf.o)
 .bss           0x00000000        0x0 c:/program files (x86)/gnu tools arm embedded/4.9 2014q4/bin/../lib/gcc/arm-none-eabi/4.9.3/armv6-m\libgcc.a(floatunsidf.o)
 .data          0x00000000        0x0 c:/program files (x86)/gnu tools arm embedded/4.9 2014q4/bin/../lib/gcc/arm-none-eabi/4.9.3/armv6-m\libgcc.a(_arm_cmpdf2.o)
 .bss           0x00000000        0x0 c:/program files (x86)/gnu tools arm embedded/4.9 2014q4/bin/../lib/gcc/arm-none-eabi/4.9.3/armv6-m\libgcc.a(_arm_cmpdf2.o)
 .data          0x00000000        0x0 c:/program files (x86)/gnu tools arm embedded/4.9 2014q4/bin/../lib/gcc/arm-none-eabi/4.9.3/armv6-m\libgcc.a(_clzsi2.o)
 .bss           0x00000000        0x0 c:/program files (x86)/gnu tools arm embedded/4.9 2014q4/bin/../lib/gcc/arm-none-eabi/4.9.3/armv6-m\libgcc.a(_clzsi2.o)
 .data          0x00000000        0x0 c:/program files (x86)/gnu tools arm embedded/4.9 2014q4/bin/../lib/gcc/arm-none-eabi/4.9.3/armv6-m\libgcc.a(eqdf2.o)
 .bss           0x00000000        0x0 c:/program files (x86)/gnu tools arm embedded/4.9 2014q4/bin/../lib/gcc/arm-none-eabi/4.9.3/armv6-m\libgcc.a(eqdf2.o)
 .data          0x00000000        0x0 c:/program files (x86)/gnu tools arm embedded/4.9 2014q4/bin/../lib/gcc/arm-none-eabi/4.9.3/armv6-m\libgcc.a(gedf2.o)
 .bss           0x00000000        0x0 c:/program files (x86)/gnu tools arm embedded/4.9 2014q4/bin/../lib/gcc/arm-none-eabi/4.9.3/armv6-m\libgcc.a(gedf2.o)
 .data          0x00000000        0x0 c:/program files (x86)/gnu tools arm embedded/4.9 2014q4/bin/../lib/gcc/arm-none-eabi/4.9.3/armv6-m\libgcc.a(ledf2.o)
 .bss           0x00000000        0x0 c:/program files (x86)/gnu tools arm embedded/4.9 2014q4/bin/../lib/gcc/arm-none-eabi/4.9.3/armv6-m\libgcc.a(ledf2.o)

Memory Configuration

Name             Origin             Length             Attributes
rom              0x08000000         0x00010000         xr
ram              0x20000000         0x00002000         xrw
*default*        0x00000000         0xffffffff

Linker script and memory map

                0x20002000                _eram = 0x20002000

.text           0x08000000     0x1ab4
 *(.isr_vector .isr_vector.*)
 .isr_vector    0x08000000       0xc4 ..\obj\startup_stm32f0xx.o
                0x08000000                g_pfnVectors
 *(.text .text.* .gnu.linkonce.t.*)
 .text.RCC_AHBPeriphClockCmd
                0x080000c4       0x3c ..\obj\stm32f0xx_rcc.o
                0x080000c4                RCC_AHBPeriphClockCmd
 .text.NVIC_SetPriority
                0x08000100       0xd4 ..\obj\main.o
 .text.SysTick_Config
                0x080001d4       0x4c ..\obj\main.o
 .text.SysTick_Handler
                0x08000220       0x40 ..\obj\main.o
                0x08000220                SysTick_Handler
 .text.DelayMil
                0x08000260       0x2c ..\obj\main.o
                0x08000260                DelayMil
 .text.DelaySec
                0x0800028c       0x2c ..\obj\main.o
                0x0800028c                DelaySec
 .text.main     0x080002b8      0x130 ..\obj\main.o
                0x080002b8                main
 .text.Reset_Handler
                0x080003e8       0x4c ..\obj\startup_stm32f0xx.o
                0x080003e8                Reset_Handler
 .text.Default_Handler
                0x08000434        0x2 ..\obj\startup_stm32f0xx.o
                0x08000434                TIM1_CC_IRQHandler
                0x08000434                HardFault_Handler
                0x08000434                ADC1_COMP_IRQHandler
                0x08000434                PVD_IRQHandler
                0x08000434                PendSV_Handler
                0x08000434                NMI_Handler
                0x08000434                I2C1_IRQHandler
                0x08000434                SPI1_IRQHandler
                0x08000434                TIM6_DAC_IRQHandler
                0x08000434                EXTI2_3_IRQHandler
                0x08000434                I2C2_IRQHandler
                0x08000434                TIM17_IRQHandler
                0x08000434                RTC_IRQHandler
                0x08000434                TIM16_IRQHandler
                0x08000434                TIM3_IRQHandler
                0x08000434                EXTI4_15_IRQHandler
                0x08000434                RCC_IRQHandler
                0x08000434                DMA1_Channel1_IRQHandler
                0x08000434                Default_Handler
                0x08000434                CEC_IRQHandler
                0x08000434                TIM14_IRQHandler
                0x08000434                DMA1_Channel4_5_IRQHandler
                0x08000434                TIM15_IRQHandler
                0x08000434                EXTI0_1_IRQHandler
                0x08000434                SPI2_IRQHandler
                0x08000434                SVC_Handler
                0x08000434                TS_IRQHandler
                0x08000434                WWDG_IRQHandler
                0x08000434                TIM2_IRQHandler
                0x08000434                DMA1_Channel2_3_IRQHandler
                0x08000434                USART2_IRQHandler
                0x08000434                FLASH_IRQHandler
                0x08000434                USART1_IRQHandler
                0x08000434                TIM1_BRK_UP_TRG_COM_IRQHandler
 *fill*         0x08000436        0x2 
 .text.SystemInit1
                0x08000438       0x8c ..\obj\system_stm32f0xx_temp.o
                0x08000438                SystemInit
                0x08000438                SystemInit1
 .text.SystemCoreClockUpdate1
                0x080004c4       0xd4 ..\obj\system_stm32f0xx_temp.o
                0x080004c4                SystemCoreClockUpdate
                0x080004c4                SystemCoreClockUpdate1
 .text.SetSysClock1
                0x08000598       0xe0 ..\obj\system_stm32f0xx_temp.o
                0x08000598                SetSysClock
 .text.GPIO_Init
                0x08000678      0x124 ..\obj\stm32f0xx_gpio.o
                0x08000678                GPIO_Init
 .text.GPIO_ReadInputDataBit
                0x0800079c       0x48 ..\obj\stm32f0xx_gpio.o
                0x0800079c                GPIO_ReadInputDataBit
 .text.GPIO_SetBits
                0x080007e4       0x1c ..\obj\stm32f0xx_gpio.o
                0x080007e4                GPIO_SetBits
 .text.GPIO_ResetBits
                0x08000800       0x1c ..\obj\stm32f0xx_gpio.o
                0x08000800                GPIO_ResetBits
 .text          0x0800081c      0x120 c:/program files (x86)/gnu tools arm embedded/4.9 2014q4/bin/../lib/gcc/arm-none-eabi/4.9.3/armv6-m\libgcc.a(_udivsi3.o)
                0x0800081c                __aeabi_uidiv
                0x0800081c                __udivsi3
                0x08000928                __aeabi_uidivmod
 .text          0x0800093c        0x4 c:/program files (x86)/gnu tools arm embedded/4.9 2014q4/bin/../lib/gcc/arm-none-eabi/4.9.3/armv6-m\libgcc.a(_dvmd_tls.o)
                0x0800093c                __aeabi_idiv0
                0x0800093c                __aeabi_ldiv0
 .text          0x08000940       0x3c c:/program files (x86)/gnu tools arm embedded/4.9 2014q4/bin/../lib/gcc/arm-none-eabi/4.9.3/armv6-m\libgcc.a(_fixunsdfsi.o)
                0x08000940                __aeabi_d2uiz
                0x08000940                __fixunsdfsi
 .text          0x0800097c      0x648 c:/program files (x86)/gnu tools arm embedded/4.9 2014q4/bin/../lib/gcc/arm-none-eabi/4.9.3/armv6-m\libgcc.a(divdf3.o)
                0x0800097c                __aeabi_ddiv
 .text          0x08000fc4      0x6f4 c:/program files (x86)/gnu tools arm embedded/4.9 2014q4/bin/../lib/gcc/arm-none-eabi/4.9.3/armv6-m\libgcc.a(subdf3.o)
                0x08000fc4                __aeabi_dsub
 .text          0x080016b8       0x6c c:/program files (x86)/gnu tools arm embedded/4.9 2014q4/bin/../lib/gcc/arm-none-eabi/4.9.3/armv6-m\libgcc.a(fixdfsi.o)
                0x080016b8                __aeabi_d2iz
 .text          0x08001724       0x64 c:/program files (x86)/gnu tools arm embedded/4.9 2014q4/bin/../lib/gcc/arm-none-eabi/4.9.3/armv6-m\libgcc.a(floatunsidf.o)
                0x08001724                __aeabi_ui2d
 .text          0x08001788       0x7c c:/program files (x86)/gnu tools arm embedded/4.9 2014q4/bin/../lib/gcc/arm-none-eabi/4.9.3/armv6-m\libgcc.a(_arm_cmpdf2.o)
                0x08001788                __aeabi_cdrcmple
                0x08001798                __aeabi_cdcmple
                0x08001798                __aeabi_cdcmpeq
                0x080017a8                __aeabi_dcmpeq
                0x080017b4                __aeabi_dcmplt
                0x080017c8                __aeabi_dcmple
                0x080017dc                __aeabi_dcmpgt
                0x080017f0                __aeabi_dcmpge
 .text          0x08001804       0x3c c:/program files (x86)/gnu tools arm embedded/4.9 2014q4/bin/../lib/gcc/arm-none-eabi/4.9.3/armv6-m\libgcc.a(_clzsi2.o)
                0x08001804                __clzsi2
 .text          0x08001840       0x88 c:/program files (x86)/gnu tools arm embedded/4.9 2014q4/bin/../lib/gcc/arm-none-eabi/4.9.3/armv6-m\libgcc.a(eqdf2.o)
                0x08001840                __nedf2
                0x08001840                __eqdf2
 .text          0x080018c8       0xe0 c:/program files (x86)/gnu tools arm embedded/4.9 2014q4/bin/../lib/gcc/arm-none-eabi/4.9.3/armv6-m\libgcc.a(gedf2.o)
                0x080018c8                __gedf2
                0x080018c8                __gtdf2
 .text          0x080019a8       0xcc c:/program files (x86)/gnu tools arm embedded/4.9 2014q4/bin/../lib/gcc/arm-none-eabi/4.9.3/armv6-m\libgcc.a(ledf2.o)
                0x080019a8                __ledf2
                0x080019a8                __ltdf2
 *(.glue_7t)
 .glue_7t       0x00000000        0x0 linker stubs
 *(.glue_7)
 .glue_7        0x00000000        0x0 linker stubs
 *(.rodata .rodata* .gnu.linkonce.r.*)
 .rodata        0x08001a74       0x40 c:/program files (x86)/gnu tools arm embedded/4.9 2014q4/bin/../lib/gcc/arm-none-eabi/4.9.3/armv6-m\libgcc.a(divdf3.o)

.vfp11_veneer   0x08001ab4        0x0
 .vfp11_veneer  0x00000000        0x0 linker stubs

.v4_bx          0x08001ab4        0x0
 .v4_bx         0x00000000        0x0 linker stubs

.iplt           0x08001ab4        0x0
 .iplt          0x00000000        0x0 ..\obj\stm32f0xx_rcc.o

.rel.dyn        0x08001ab4        0x0
 .rel.iplt      0x00000000        0x0 ..\obj\stm32f0xx_rcc.o

.ARM.extab
 *(.ARM.extab* .gnu.linkonce.armextab.*)
                0x08001ab4                __exidx_start = .

.ARM.exidx
 *(.ARM.exidx* .gnu.linkonce.armexidx.*)
                0x08001ab4                __exidx_end = .
                0x08001ab4                . = ALIGN (0x4)
                0x08001ab4                _etext = .
                0x08001ab4                _sidata = .

.data           0x20000000       0x14 load address 0x08001ab4
                0x20000000                _sdata = .
 *(.data .data.*)
 .data          0x20000000       0x14 ..\obj\system_stm32f0xx_temp.o
                0x20000000                SystemCoreClock
                0x20000004                AHBPrescTable
                0x20000014                . = ALIGN (0x4)
                0x20000014                _edata = .

.igot.plt       0x20000014        0x0 load address 0x08001ac8
 .igot.plt      0x00000000        0x0 ..\obj\stm32f0xx_rcc.o

.bss            0x20000014       0x10 load address 0x08001ac8
                0x20000014                _sbss = .
 *(.bss .bss.*)
 .bss           0x20000014        0x8 ..\obj\main.o
                0x20000014                Milliseconds
                0x20000018                Seconds
 *(COMMON)
 COMMON         0x2000001c        0x8 ..\obj\main.o
                0x2000001c                G
                0x20000024                . = ALIGN (0x4)
                0x20000024                _ebss = .

.co_stack       0x20000024        0x4 load address 0x08001ad8
                0x20000028                . = ALIGN (0x8)
 *fill*         0x20000024        0x4 
 *(.co_stack .co_stack.*)
                0x20000028                . = ALIGN (0x4)
                0x20000028                _end = .
LOAD ..\obj\stm32f0xx_rcc.o
LOAD ..\obj\main.o
LOAD ..\obj\startup_stm32f0xx.o
LOAD ..\obj\system_stm32f0xx_temp.o
LOAD ..\obj\stm32f0xx_gpio.o
LOAD ..\obj\stm32f0xx_tim.o
START GROUP
LOAD c:/program files (x86)/gnu tools arm embedded/4.9 2014q4/bin/../lib/gcc/arm-none-eabi/4.9.3/armv6-m\libgcc.a
LOAD c:/program files (x86)/gnu tools arm embedded/4.9 2014q4/bin/../lib/gcc/arm-none-eabi/4.9.3/../../../../arm-none-eabi/lib/armv6-m\libg.a
LOAD c:/program files (x86)/gnu tools arm embedded/4.9 2014q4/bin/../lib/gcc/arm-none-eabi/4.9.3/../../../../arm-none-eabi/lib/armv6-m\libc.a
END GROUP
OUTPUT(Projekt3.elf elf32-littlearm)

.debug_info     0x00000000     0x199f
 .debug_info    0x00000000      0x99a ..\obj\stm32f0xx_rcc.o
 .debug_info    0x0000099a      0x69f ..\obj\main.o
 .debug_info    0x00001039       0xa8 ..\obj\startup_stm32f0xx.o
 .debug_info    0x000010e1      0x2ef ..\obj\system_stm32f0xx_temp.o
 .debug_info    0x000013d0      0x5cf ..\obj\stm32f0xx_gpio.o

.debug_abbrev   0x00000000      0x6da
 .debug_abbrev  0x00000000      0x1ec ..\obj\stm32f0xx_rcc.o
 .debug_abbrev  0x000001ec      0x20d ..\obj\main.o
 .debug_abbrev  0x000003f9       0x12 ..\obj\startup_stm32f0xx.o
 .debug_abbrev  0x0000040b      0x134 ..\obj\system_stm32f0xx_temp.o
 .debug_abbrev  0x0000053f      0x19b ..\obj\stm32f0xx_gpio.o

.debug_aranges  0x00000000      0x270
 .debug_aranges
                0x00000000      0x150 ..\obj\stm32f0xx_rcc.o
 .debug_aranges
                0x00000150       0x48 ..\obj\main.o
 .debug_aranges
                0x00000198       0x28 ..\obj\startup_stm32f0xx.o
 .debug_aranges
                0x000001c0       0x30 ..\obj\system_stm32f0xx_temp.o
 .debug_aranges
                0x000001f0       0x80 ..\obj\stm32f0xx_gpio.o

.debug_ranges   0x00000000      0x228
 .debug_ranges  0x00000000      0x140 ..\obj\stm32f0xx_rcc.o
 .debug_ranges  0x00000140       0x38 ..\obj\main.o
 .debug_ranges  0x00000178       0x20 ..\obj\startup_stm32f0xx.o
 .debug_ranges  0x00000198       0x20 ..\obj\system_stm32f0xx_temp.o
 .debug_ranges  0x000001b8       0x70 ..\obj\stm32f0xx_gpio.o

.debug_line     0x00000000      0xd0c
 .debug_line    0x00000000      0x510 ..\obj\stm32f0xx_rcc.o
 .debug_line    0x00000510      0x2a5 ..\obj\main.o
 .debug_line    0x000007b5       0xad ..\obj\startup_stm32f0xx.o
 .debug_line    0x00000862      0x1c2 ..\obj\system_stm32f0xx_temp.o
 .debug_line    0x00000a24      0x2e8 ..\obj\stm32f0xx_gpio.o

.debug_str      0x00000000      0xd2c
 .debug_str     0x00000000      0x684 ..\obj\stm32f0xx_rcc.o
                                0x71d (size before relaxing)
 .debug_str     0x00000684      0x47f ..\obj\main.o
                                0x5dc (size before relaxing)
 .debug_str     0x00000b03       0x9c ..\obj\system_stm32f0xx_temp.o
                                0x294 (size before relaxing)
 .debug_str     0x00000b9f      0x18d ..\obj\stm32f0xx_gpio.o
                                0x484 (size before relaxing)

.comment        0x00000000       0x70
 .comment       0x00000000       0x70 ..\obj\stm32f0xx_rcc.o
                                 0x71 (size before relaxing)
 .comment       0x00000000       0x71 ..\obj\main.o
 .comment       0x00000000       0x71 ..\obj\system_stm32f0xx_temp.o
 .comment       0x00000000       0x71 ..\obj\stm32f0xx_gpio.o

.ARM.attributes
                0x00000000       0x2f
 .ARM.attributes
                0x00000000       0x31 ..\obj\stm32f0xx_rcc.o
 .ARM.attributes
                0x00000031       0x31 ..\obj\main.o
 .ARM.attributes
                0x00000062       0x21 ..\obj\startup_stm32f0xx.o
 .ARM.attributes
                0x00000083       0x31 ..\obj\system_stm32f0xx_temp.o
 .ARM.attributes
                0x000000b4       0x31 ..\obj\stm32f0xx_gpio.o
 .ARM.attributes
                0x000000e5       0x1e c:/program files (x86)/gnu tools arm embedded/4.9 2014q4/bin/../lib/gcc/arm-none-eabi/4.9.3/armv6-m\libgcc.a(_udivsi3.o)
 .ARM.attributes
                0x00000103       0x1e c:/program files (x86)/gnu tools arm embedded/4.9 2014q4/bin/../lib/gcc/arm-none-eabi/4.9.3/armv6-m\libgcc.a(_dvmd_tls.o)
 .ARM.attributes
                0x00000121       0x2c c:/program files (x86)/gnu tools arm embedded/4.9 2014q4/bin/../lib/gcc/arm-none-eabi/4.9.3/armv6-m\libgcc.a(_fixunsdfsi.o)
 .ARM.attributes
                0x0000014d       0x2c c:/program files (x86)/gnu tools arm embedded/4.9 2014q4/bin/../lib/gcc/arm-none-eabi/4.9.3/armv6-m\libgcc.a(divdf3.o)
 .ARM.attributes
                0x00000179       0x2c c:/program files (x86)/gnu tools arm embedded/4.9 2014q4/bin/../lib/gcc/arm-none-eabi/4.9.3/armv6-m\libgcc.a(subdf3.o)
 .ARM.attributes
                0x000001a5       0x2c c:/program files (x86)/gnu tools arm embedded/4.9 2014q4/bin/../lib/gcc/arm-none-eabi/4.9.3/armv6-m\libgcc.a(fixdfsi.o)
 .ARM.attributes
                0x000001d1       0x2c c:/program files (x86)/gnu tools arm embedded/4.9 2014q4/bin/../lib/gcc/arm-none-eabi/4.9.3/armv6-m\libgcc.a(floatunsidf.o)
 .ARM.attributes
                0x000001fd       0x1e c:/program files (x86)/gnu tools arm embedded/4.9 2014q4/bin/../lib/gcc/arm-none-eabi/4.9.3/armv6-m\libgcc.a(_arm_cmpdf2.o)
 .ARM.attributes
                0x0000021b       0x1e c:/program files (x86)/gnu tools arm embedded/4.9 2014q4/bin/../lib/gcc/arm-none-eabi/4.9.3/armv6-m\libgcc.a(_clzsi2.o)
 .ARM.attributes
                0x00000239       0x2c c:/program files (x86)/gnu tools arm embedded/4.9 2014q4/bin/../lib/gcc/arm-none-eabi/4.9.3/armv6-m\libgcc.a(eqdf2.o)
 .ARM.attributes
                0x00000265       0x2c c:/program files (x86)/gnu tools arm embedded/4.9 2014q4/bin/../lib/gcc/arm-none-eabi/4.9.3/armv6-m\libgcc.a(gedf2.o)
 .ARM.attributes
                0x00000291       0x2c c:/program files (x86)/gnu tools arm embedded/4.9 2014q4/bin/../lib/gcc/arm-none-eabi/4.9.3/armv6-m\libgcc.a(ledf2.o)

.debug_frame    0x00000000      0x990
 .debug_frame   0x00000000      0x4e4 ..\obj\stm32f0xx_rcc.o
 .debug_frame   0x000004e4       0xd0 ..\obj\main.o
 .debug_frame   0x000005b4       0x6c ..\obj\system_stm32f0xx_temp.o
 .debug_frame   0x00000620      0x1b0 ..\obj\stm32f0xx_gpio.o
 .debug_frame   0x000007d0       0x20 c:/program files (x86)/gnu tools arm embedded/4.9 2014q4/bin/../lib/gcc/arm-none-eabi/4.9.3/armv6-m\libgcc.a(_udivsi3.o)
 .debug_frame   0x000007f0       0x2c c:/program files (x86)/gnu tools arm embedded/4.9 2014q4/bin/../lib/gcc/arm-none-eabi/4.9.3/armv6-m\libgcc.a(_fixunsdfsi.o)
 .debug_frame   0x0000081c       0x3c c:/program files (x86)/gnu tools arm embedded/4.9 2014q4/bin/../lib/gcc/arm-none-eabi/4.9.3/armv6-m\libgcc.a(divdf3.o)
 .debug_frame   0x00000858       0x3c c:/program files (x86)/gnu tools arm embedded/4.9 2014q4/bin/../lib/gcc/arm-none-eabi/4.9.3/armv6-m\libgcc.a(subdf3.o)
 .debug_frame   0x00000894       0x2c c:/program files (x86)/gnu tools arm embedded/4.9 2014q4/bin/../lib/gcc/arm-none-eabi/4.9.3/armv6-m\libgcc.a(fixdfsi.o)
 .debug_frame   0x000008c0       0x28 c:/program files (x86)/gnu tools arm embedded/4.9 2014q4/bin/../lib/gcc/arm-none-eabi/4.9.3/armv6-m\libgcc.a(floatunsidf.o)
 .debug_frame   0x000008e8       0x38 c:/program files (x86)/gnu tools arm embedded/4.9 2014q4/bin/../lib/gcc/arm-none-eabi/4.9.3/armv6-m\libgcc.a(eqdf2.o)
 .debug_frame   0x00000920       0x38 c:/program files (x86)/gnu tools arm embedded/4.9 2014q4/bin/../lib/gcc/arm-none-eabi/4.9.3/armv6-m\libgcc.a(gedf2.o)
 .debug_frame   0x00000958       0x38 c:/program files (x86)/gnu tools arm embedded/4.9 2014q4/bin/../lib/gcc/arm-none-eabi/4.9.3/armv6-m\libgcc.a(ledf2.o)
